
[1m== 1. build a throwaway package[0m
tarball  coderoot-gate-spike-0.0.1.tgz
sha256   38f0eaf724c667c57ad0954b763419e1beda84a569079e63ee77ceab1682b44c

[1m== 2. the workflow's digest check, run here[0m
good tarball  -> accepted
tampered tarball -> rejected

[1m== 3. publish with no credential (expect refusal)[0m
refused, as expected:
npm error code ENEEDAUTH
npm error need auth This command requires you to be logged in to http://localhost:4873/
npm error need auth You need to authorize this machine using `npm adduser`

[1m== summary[0m
Proved locally:
  - tarball built, sha256 = 38f0eaf724c667c57ad0954b763419e1beda84a569079e63ee77ceab1682b44c
  - digest check accepts the real tarball and rejects a tampered one
  - publish without a credential is refused

Still requires live npm (blocked on scope ownership):
  - OIDC claim match against the package's trusted-publisher settings
  - npm's provenance statement as published
  - refusal transcripts for a granular token / other repo / other workflow
